IDB Companion Built at Sep 1 2026 08:51:20
IDB Companion architecture arm64
Invoked with args=[/opt/homebrew/bin/idb_companion, --udid, C8B74E44-94F7-4CED-A47F-DFF98E34237B, --grpc-domain-sock, /tmp/idb/C8B74E44-94F7-4CED-A47F-DFF98E34237B_companion.sock, --only, simulator]
'--only' set for Simulators
CoreSimulator: Already loaded, skipping
CoreSimulator: SimDevice has correct path of /Library/Developer
Loaded All Private Frameworks [CoreSimulator]
Cleaning up UDS if exists
Starting swift server on unix socket /tmp/idb/C8B74E44-94F7-4CED-A47F-DFF98E34237B_companion.sock
Swift server started on [UDS]/tmp/idb/C8B74E44-94F7-4CED-A47F-DFF98E34237B_companion.sock
{"grpc_path":"\/tmp\/idb\/C8B74E44-94F7-4CED-A47F-DFF98E34237B_companion.sock"}
Companion will stay alive if target goes offline
Start of connect
connect called with: [metadata=[:], localFilePath=/var/folders/7h/yyl472ms6050pfwxftwq4cdr0000gn/T/tmp1x2on31t, unknownFields=UnknownStorage(data: 0 bytes)]
connect succeeded
Start of accessibility_info
accessibility_info called with: [format=legacy, marker=, matchKey=label, depth=0, keys=[], backend=unspecified, profile=false, collectFrameCoverage=false, unknownFields=UnknownStorage(data: 0 bytes), point=nil]
[C8B74E44-94F7-4CED-A47F-DFF98E34237B] AccessibilityPlatformTranslation: Already loaded, skipping
[C8B74E44-94F7-4CED-A47F-DFF98E34237B] AccessibilityPlatformTranslation: AXPTranslationObject has correct path of /System/Library
[C8B74E44-94F7-4CED-A47F-DFF98E34237B] Loaded All Private Frameworks [AccessibilityPlatformTranslation]
[C8B74E44-94F7-4CED-A47F-DFF98E34237B] Process 66653 (launchctl) has exited, tearing down IO...
[C8B74E44-94F7-4CED-A47F-DFF98E34237B] Teardown of IO for process 66653 (launchctl) has completed
[C8B74E44-94F7-4CED-A47F-DFF98E34237B] Process 66653 (launchctl) exited with code 0
accessibility_info succeeded
Start of connect
connect called with: [metadata=[:], localFilePath=/var/folders/7h/yyl472ms6050pfwxftwq4cdr0000gn/T/tmp77rj164t, unknownFields=UnknownStorage(data: 0 bytes)]
connect succeeded
Start of hid
hid called with: []
Receive frame of hid
Receive frame of hid
Close client stream of hid
[C8B74E44-94F7-4CED-A47F-DFF98E34237B] SimulatorKit: Loading from /Applications/Xcode.app/Contents/Developer/Library/PrivateFrameworks/SimulatorKit.framework
[C8B74E44-94F7-4CED-A47F-DFF98E34237B] SimulatorKit: Successfully loaded
[C8B74E44-94F7-4CED-A47F-DFF98E34237B] Loaded All Private Frameworks [SimulatorKit]
Negotiated the indigo HID transport
hid succeeded
Start of connect
connect called with: [metadata=[:], localFilePath=/var/folders/7h/yyl472ms6050pfwxftwq4cdr0000gn/T/tmpr3xpzxel, unknownFields=UnknownStorage(data: 0 bytes)]
connect succeeded
Start of accessibility_info
accessibility_info called with: [format=legacy, marker=, matchKey=label, depth=0, keys=[], backend=unspecified, profile=false, collectFrameCoverage=false, unknownFields=UnknownStorage(data: 0 bytes), point=nil]
[C8B74E44-94F7-4CED-A47F-DFF98E34237B] Process 35041 (launchctl) has exited, tearing down IO...
[C8B74E44-94F7-4CED-A47F-DFF98E34237B] Teardown of IO for process 35041 (launchctl) has completed
[C8B74E44-94F7-4CED-A47F-DFF98E34237B] Process 35041 (launchctl) exited with code 0
accessibility_info succeeded
